[static.livedemo00.template-help.com/wt_58735/index.html]
[backblue.gif]
[fade.gif]
[index.html]
[static.livedemo00.template-help.com/wt_58735/images/favicon.ico]
[static.livedemo00.template-help.com/wt_58735/images/header-logo-268x57.png]
[static.livedemo00.template-help.com/wt_58735/index-2.html]
[static.livedemo00.template-help.com/wt_58735/images/header-logo-mobile-268x57.png]
[static.livedemo00.template-help.com/wt_58735/about.html]
[static.livedemo00.template-help.com/wt_58735/css/style.css]
[static.livedemo00.template-help.com/wt_58735/planning.html]
[static.livedemo00.template-help.com/wt_58735/advice.html]
[static.livedemo00.template-help.com/wt_58735/single-post.html]
[static.livedemo00.template-help.com/wt_58735/books.html]
[static.livedemo00.template-help.com/wt_58735/video.html]
[static.livedemo00.template-help.com/wt_58735/contacts.html]
[static.livedemo00.template-help.com/wt_58735/free-consultation.html]
[static.livedemo00.template-help.com/wt_58735/images/home-4-1025x976.jpg]
[static.livedemo00.template-help.com/wt_58735/images/home-5-114x114.jpg]
[static.livedemo00.template-help.com/wt_58735/images/home-6-114x114.jpg]
[static.livedemo00.template-help.com/wt_58735/images/home-7-114x114.jpg]
[static.livedemo00.template-help.com/wt_58735/images/home-8-1025x976.jpg]
[static.livedemo00.template-help.com/wt_58735/images/footer-logo-266x55.png]
[static.livedemo00.template-help.com/wt_58735/privacy.html]
[static.livedemo00.template-help.com/wt_58735/js/script.js]
[static.livedemo00.template-help.com/wt_58735/index.html]
[static.livedemo00.template-help.com/wt_58735/js/core.min.js]
[static.livedemo00.template-help.com/wt_58735/fonts/glyphicons-halflings-regulard41d.eot]
[static.livedemo00.template-help.com/wt_58735/fonts/glyphicons-halflings-regular.svg]
[static.livedemo00.template-help.com/wt_58735/fonts/glyphicons-halflings-regular.woff]
[static.livedemo00.template-help.com/wt_58735/fonts/fontawesome-webfont3295.eot]
[static.livedemo00.template-help.com/wt_58735/fonts/fontawesome-webfont3295.woff2]
[static.livedemo00.template-help.com/wt_58735/fonts/fontawesome-webfont3295.woff]
[static.livedemo00.template-help.com/wt_58735/fonts/fontawesome-webfont3295.ttf]
[static.livedemo00.template-help.com/wt_58735/fonts/materialdesignicons-webfont14e6.woff2]
[static.livedemo00.template-help.com/wt_58735/fonts/materialdesignicons-webfont14e6.svg]
[static.livedemo00.template-help.com/wt_58735/fonts/materialdesignicons-webfont14e6.eot]
[static.livedemo00.template-help.com/wt_58735/fonts/materialdesignicons-webfont14e6.ttf]
[static.livedemo00.template-help.com/wt_58735/images/breadcrumbs_bg.jpg]
[static.livedemo00.template-help.com/wt_58735/fonts/MaterialIcons-Regular.eot]
[static.livedemo00.template-help.com/wt_58735/images/footer-bg.jpg]
[static.livedemo00.template-help.com/wt_58735/images/preloader.png]
[static.livedemo00.template-help.com/wt_58735/fonts/MaterialIcons-Regular.woff]
[static.livedemo00.template-help.com/wt_58735/fonts/MaterialIcons-Regular.ttf]
[static.livedemo00.template-help.com/wt_58735/images/ajax-loader.gif]
[static.livedemo00.template-help.com/wt_58735/css/style.css]
[static.livedemo00.template-help.com/wt_58735/index-2.html]
[static.livedemo00.template-help.com/wt_58735/images/about-1-1126x976.jpg]
[static.livedemo00.template-help.com/wt_58735/images/about-2-370x245.jpg]
[static.livedemo00.template-help.com/wt_58735/images/about-3-370x245.jpg]
[static.livedemo00.template-help.com/wt_58735/images/about-4-370x245.jpg]
[static.livedemo00.template-help.com/wt_58735/about.html]
[static.livedemo00.template-help.com/wt_58735/planning.html]
[static.livedemo00.template-help.com/wt_58735/images/advice-1-670x336.jpg]
[static.livedemo00.template-help.com/wt_58735/investment.html]
[static.livedemo00.template-help.com/wt_58735/images/advice-2-670x336.jpg]
[static.livedemo00.template-help.com/wt_58735/images/advice-3-670x336.jpg]
[static.livedemo00.template-help.com/wt_58735/advice.html]
[static.livedemo00.template-help.com/wt_58735/articles.html]
[static.livedemo00.template-help.com/wt_58735/images/single-post-1-670x336.jpg]
[static.livedemo00.template-help.com/wt_58735/images/single-post-2-271x269.jpg]
[static.livedemo00.template-help.com/wt_58735/images/single-post-4-204x146.jpg]
[static.livedemo00.template-help.com/wt_58735/images/single-post-6-91x91.jpg]
[static.livedemo00.template-help.com/wt_58735/single-post.html]
[static.livedemo00.template-help.com/wt_58735/audio.html]
[static.livedemo00.template-help.com/wt_58735/images/books-1-1170x587.jpg]
[static.livedemo00.template-help.com/wt_58735/images/books-2-1170x587.jpg]
[static.livedemo00.template-help.com/wt_58735/images/books-3-1170x587.jpg]
[static.livedemo00.template-help.com/wt_58735/books.html]
[static.livedemo00.template-help.com/wt_58735/video.html]
[static.livedemo00.template-help.com/wt_58735/contacts.html]
[static.livedemo00.template-help.com/wt_58735/free-consultation.html]
[static.livedemo00.template-help.com/wt_58735/privacy.html]
[static.livedemo00.template-help.com/wt_58735/images/home-8-1025x976.jpg]
[static.livedemo00.template-help.com/wt_58735/Popover requires tooltip.49.delayed]
[static.livedemo00.template-help.com/wt_58735/cdnjs.cloudflare.com/ajax/libs/jquery-mousewheel/3.1.13/jquery.mousewheel.min.js]
[static.livedemo00.template-help.com/wt_58735/js/core.min.js]
[connect.facebook.net/ru_RU/sdk.js]
[static.livedemo00.template-help.com/wt_58735/js/script.js]
[static.livedemo00.template-help.com/wt_58735/bat/rd-search.php]
[static.livedemo00.template-help.com/wt_58735/fonts/glyphicons-halflings-regular.svg]
[static.livedemo00.template-help.com/wt_58735/fonts/glyphicons-halflings-regular.eot]
[static.livedemo00.template-help.com/wt_58735/fonts/glyphicons-halflings-regular.woff2]
[static.livedemo00.template-help.com/wt_58735/fonts/fontawesome-webfont3295.svg]
[static.livedemo00.template-help.com/wt_58735/fonts/materialdesignicons-webfont14e6.svg]
[static.livedemo00.template-help.com/wt_58735/images/preloader.gif]
[static.livedemo00.template-help.com/wt_58735/images/photoswipe-controls.png]
[static.livedemo00.template-help.com/wt_58735/images/photoswipe-controls.svg]
[static.livedemo00.template-help.com/wt_58735/investment.html]
[static.livedemo00.template-help.com/wt_58735/images/articles-1-1170x587.jpg]
[static.livedemo00.template-help.com/wt_58735/fonts/fontawesome-webfontd41d.eot]
[static.livedemo00.template-help.com/wt_58735/images/articles-3-1170x587.jpg]
[static.livedemo00.template-help.com/wt_58735/fonts/MaterialIcons-Regular.woff2]
[static.livedemo00.template-help.com/wt_58735/articles.html]
[static.livedemo00.template-help.com/wt_58735/images/single-post-3-204x146.jpg]
[static.livedemo00.template-help.com/wt_58735/images/single-post-5-204x146.jpg]
[static.livedemo00.template-help.com/wt_58735/audio.html]
[static.livedemo00.template-help.com/wt_58735/images/articles-4-1170x587.jpg]
[static.livedemo00.template-help.com/wt_58735/images/books-5-1170x587.jpg]
[static.livedemo00.template-help.com/wt_58735/Popover requires tooltip.html]
[static.livedemo00.template-help.com/wt_58735/cdnjs.cloudflare.com/ajax/libs/jquery-mousewheel/3.1.13/jquery.mousewheel.min.html]
[static.livedemo00.template-help.com/wt_58735/fonts/materialdesignicons-webfontd41d.eot]
[connect.facebook.net/ru_RU/sdk.js]
[static.livedemo00.template-help.com/wt_58735/js/ABCDEFGHIJKLMNOPQRSTUVWXYZabcdefghijklmnopqrstuvwxyz0123456789+/index.html]
[static.livedemo00.template-help.com/wt_58735/js/dialog/index.html]
[static.livedemo00.template-help.com/wt_58735/fonts/fontawesome-webfont3295.svg]
[static.livedemo00.template-help.com/wt_58735/images/photoswipe-controls.svg]
[static.livedemo00.template-help.com/wt_58735/images/articles-2-1170x587.jpg]
[static.livedemo00.template-help.com/wt_58735/images/single-post-7-91x91.jpg]
[static.livedemo00.template-help.com/wt_58735/Trident/index.html]
[static.livedemo00.template-help.com/wt_58735/js/ABCDEFGHIJKLMNOPQRSTUVWXYZabcdefghijklmnopqrstuvwxyz0123456789+/index.html]
[static.livedemo00.template-help.com/wt_58735/js/dialog/index.html]
[static.livedemo00.template-help.com/wt_58735/js/%s/profile4d6d.html]
[static.livedemo00.template-help.com/wt_58735/fonts/glyphicons-halflings-regular.ttf]
[static.livedemo00.template-help.com/wt_58735/fonts/materialdesignicons-webfont14e6.woff]
[static.livedemo00.template-help.com/wt_58735/Trident/index.html]
[static.livedemo00.template-help.com/wt_58735/images/articles-5-1170x587.jpg]
